AutoDock Vina v1.2.7
#################################################################
# If you used AutoDock Vina in your work, please cite:          #
#                                                               #
# J. Eberhardt, D. Santos-Martins, A. F. Tillack, and S. Forli  #
# AutoDock Vina 1.2.0: New Docking Methods, Expanded Force      #
# Field, and Python Bindings, J. Chem. Inf. Model. (2021)       #
# DOI 10.1021/acs.jcim.1c00203                                  #
#                                                               #
# O. Trott, A. J. Olson,                                        #
# AutoDock Vina: improving the speed and accuracy of docking    #
# with a new scoring function, efficient optimization and       #
# multithreading, J. Comp. Chem. (2010)                         #
# DOI 10.1002/jcc.21334                                         #
#                                                               #
# Please see https://github.com/ccsb-scripps/AutoDock-Vina for  #
# more information.                                             #
#################################################################

Scoring function : vina
Rigid receptor: D:\Andy\Inflam_NP\Docking_InFlam\Protein_prepared\COX2_5KIR_clean.pdbqt
Ligand: D:\Andy\Inflam_NP\Docking_InFlam\ligands_COX2_5KIR\Ligand_15.pdbqt
Grid center: X 23.206 Y 1.318 Z 34.259
Grid size  : X 30 Y 30 Z 30
Grid space : 0.375
Exhaustiveness: 32
CPU: 0
Verbosity: 1

Computing Vina grid ... done.
Performing docking (random seed: -861067270) ... 
0%   10   20   30   40   50   60   70   80   90   100%
|----|----|----|----|----|----|----|----|----|----|
***************************************************

mode |   affinity | dist from best mode
     | (kcal/mol) | rmsd l.b.| rmsd u.b.
-----+------------+----------+----------
   1       -9.225          0          0
   2       -8.667      1.824      3.862
   3       -7.948      2.547      6.313
   4       -7.938      3.317      5.474
   5       -7.825      1.829      5.941
   6       -7.436      2.178      6.305
   7       -7.229      11.65      13.67
   8       -7.107      10.84      12.45
   9       -6.951      12.16      13.59
  10       -6.949      2.589      5.806
