AutoDock Vina v1.2.7
#################################################################
# If you used AutoDock Vina in your work, please cite:          #
#                                                               #
# J. Eberhardt, D. Santos-Martins, A. F. Tillack, and S. Forli  #
# AutoDock Vina 1.2.0: New Docking Methods, Expanded Force      #
# Field, and Python Bindings, J. Chem. Inf. Model. (2021)       #
# DOI 10.1021/acs.jcim.1c00203                                  #
#                                                               #
# O. Trott, A. J. Olson,                                        #
# AutoDock Vina: improving the speed and accuracy of docking    #
# with a new scoring function, efficient optimization and       #
# multithreading, J. Comp. Chem. (2010)                         #
# DOI 10.1002/jcc.21334                                         #
#                                                               #
# Please see https://github.com/ccsb-scripps/AutoDock-Vina for  #
# more information.                                             #
#################################################################

Scoring function : vina
Rigid receptor: D:\Andy\Inflam_NP\Docking_InFlam\Protein_prepared\COX2_3LN1_clean.pdbqt
Ligand: D:\Andy\Inflam_NP\Docking_InFlam\ligands_COX2_3LN1\Ligand_16.pdbqt
Grid center: X 77.336 Y -14.641 Z -8.091
Grid size  : X 30 Y 30 Z 30
Grid space : 0.375
Exhaustiveness: 32
CPU: 0
Verbosity: 1

Computing Vina grid ... done.
Performing docking (random seed: 20490084) ... 
0%   10   20   30   40   50   60   70   80   90   100%
|----|----|----|----|----|----|----|----|----|----|
***************************************************

mode |   affinity | dist from best mode
     | (kcal/mol) | rmsd l.b.| rmsd u.b.
-----+------------+----------+----------
   1       -6.287          0          0
   2       -6.057      9.285      12.28
   3       -5.923      2.403      4.782
   4       -5.746      21.83      24.43
   5       -5.734      1.725      4.144
   6       -5.687      20.45       22.6
   7       -5.361      20.34      22.07
   8       -5.307      4.231      7.105
   9       -5.232      22.21       24.3
  10       -5.165      8.769      12.96
