AutoDock Vina v1.2.7
#################################################################
# If you used AutoDock Vina in your work, please cite:          #
#                                                               #
# J. Eberhardt, D. Santos-Martins, A. F. Tillack, and S. Forli  #
# AutoDock Vina 1.2.0: New Docking Methods, Expanded Force      #
# Field, and Python Bindings, J. Chem. Inf. Model. (2021)       #
# DOI 10.1021/acs.jcim.1c00203                                  #
#                                                               #
# O. Trott, A. J. Olson,                                        #
# AutoDock Vina: improving the speed and accuracy of docking    #
# with a new scoring function, efficient optimization and       #
# multithreading, J. Comp. Chem. (2010)                         #
# DOI 10.1002/jcc.21334                                         #
#                                                               #
# Please see https://github.com/ccsb-scripps/AutoDock-Vina for  #
# more information.                                             #
#################################################################

Scoring function : vina
Rigid receptor: D:\Andy\Inflam_NP\Docking_InFlam\Protein_prepared\COX2_3LN1_clean.pdbqt
Ligand: D:\Andy\Inflam_NP\Docking_InFlam\ligands_COX2_3LN1\Ligand_control_CEL.pdbqt
Grid center: X 18.841 Y -52.899 Z 53.812
Grid size  : X 30 Y 30 Z 30
Grid space : 0.375
Exhaustiveness: 32
CPU: 0
Verbosity: 1

Computing Vina grid ... done.
Performing docking (random seed: -1082348488) ... 
0%   10   20   30   40   50   60   70   80   90   100%
|----|----|----|----|----|----|----|----|----|----|
***************************************************

mode |   affinity | dist from best mode
     | (kcal/mol) | rmsd l.b.| rmsd u.b.
-----+------------+----------+----------
   1        -11.4          0          0
   2       -10.53      5.048      6.432
   3       -9.502      4.934      7.162
   4       -9.289      3.656      5.266
   5       -8.424      5.043      6.893
   6        -7.78       11.7      12.81
   7       -7.742      3.172      4.943
   8       -7.361      12.41      14.46
   9        -7.31      12.49      13.83
  10       -7.028      11.74      13.37
