AutoDock Vina v1.2.3
#################################################################
# If you used AutoDock Vina in your work, please cite:          #
#                                                               #
# J. Eberhardt, D. Santos-Martins, A. F. Tillack, and S. Forli  #
# AutoDock Vina 1.2.0: New Docking Methods, Expanded Force      #
# Field, and Python Bindings, J. Chem. Inf. Model. (2021)       #
# DOI 10.1021/acs.jcim.1c00203                                  #
#                                                               #
# O. Trott, A. J. Olson,                                        #
# AutoDock Vina: improving the speed and accuracy of docking    #
# with a new scoring function, efficient optimization and       #
# multithreading, J. Comp. Chem. (2010)                         #
# DOI 10.1002/jcc.21334                                         #
#                                                               #
# Please see https://github.com/ccsb-scripps/AutoDock-Vina for  #
# more information.                                             #
#################################################################

Scoring function : vina
Rigid receptor: /home/andy/andy/Inflam_NP/molecular_docking/Protein_clean/COX1_1EQH_clean.pdbqt
Ligand: ligands/Ligand_20.pdbqt
Grid center: X 47.467 Y 27.863 Z 193.272
Grid size  : X 22 Y 22 Z 22
Grid space : 0.375
Exhaustiveness: 16
CPU: 0
Verbosity: 1

Computing Vina grid ... done.
Performing docking (random seed: -868598800) ... 
0%   10   20   30   40   50   60   70   80   90   100%
|----|----|----|----|----|----|----|----|----|----|
***************************************************

mode |   affinity | dist from best mode
     | (kcal/mol) | rmsd l.b.| rmsd u.b.
-----+------------+----------+----------
   1       -7.027          0          0
   2       -6.987      9.889      14.38
   3       -6.966      9.977      14.83
   4        -6.96     0.9643      2.982
   5       -6.616       11.7      15.22
   6       -6.597      2.356      6.888
   7       -6.567      9.994      12.93
   8       -6.565      12.97      16.45
   9       -6.459      2.346      7.041
