AutoDock Vina v1.2.7
#################################################################
# If you used AutoDock Vina in your work, please cite:          #
#                                                               #
# J. Eberhardt, D. Santos-Martins, A. F. Tillack, and S. Forli  #
# AutoDock Vina 1.2.0: New Docking Methods, Expanded Force      #
# Field, and Python Bindings, J. Chem. Inf. Model. (2021)       #
# DOI 10.1021/acs.jcim.1c00203                                  #
#                                                               #
# O. Trott, A. J. Olson,                                        #
# AutoDock Vina: improving the speed and accuracy of docking    #
# with a new scoring function, efficient optimization and       #
# multithreading, J. Comp. Chem. (2010)                         #
# DOI 10.1002/jcc.21334                                         #
#                                                               #
# Please see https://github.com/ccsb-scripps/AutoDock-Vina for  #
# more information.                                             #
#################################################################

Scoring function : vina
Rigid receptor: D:\Andy\Inflam_NP\Docking_InFlam\Protein_prepared\COX2_5KIR_clean.pdbqt
Ligand: D:\Andy\Inflam_NP\Docking_InFlam\ligands_COX2_5KIR\Ligand_10.pdbqt
Grid center: X 23.713 Y 40.185 Z 3.858
Grid size  : X 30 Y 30 Z 30
Grid space : 0.375
Exhaustiveness: 32
CPU: 0
Verbosity: 1

Computing Vina grid ... done.
Performing docking (random seed: -545955204) ... 
0%   10   20   30   40   50   60   70   80   90   100%
|----|----|----|----|----|----|----|----|----|----|
***************************************************

mode |   affinity | dist from best mode
     | (kcal/mol) | rmsd l.b.| rmsd u.b.
-----+------------+----------+----------
   1       -6.497          0          0
   2       -6.415      1.691      4.604
   3       -6.306       1.52      1.868
   4       -6.283      1.705      2.677
   5       -6.188       2.11      4.325
   6       -6.169      2.139      3.816
   7       -6.169      2.015      3.682
   8       -6.143      17.22      18.73
   9        -6.13      1.862      4.298
  10       -6.085      1.419       5.03
