AutoDock Vina v1.2.7
#################################################################
# If you used AutoDock Vina in your work, please cite:          #
#                                                               #
# J. Eberhardt, D. Santos-Martins, A. F. Tillack, and S. Forli  #
# AutoDock Vina 1.2.0: New Docking Methods, Expanded Force      #
# Field, and Python Bindings, J. Chem. Inf. Model. (2021)       #
# DOI 10.1021/acs.jcim.1c00203                                  #
#                                                               #
# O. Trott, A. J. Olson,                                        #
# AutoDock Vina: improving the speed and accuracy of docking    #
# with a new scoring function, efficient optimization and       #
# multithreading, J. Comp. Chem. (2010)                         #
# DOI 10.1002/jcc.21334                                         #
#                                                               #
# Please see https://github.com/ccsb-scripps/AutoDock-Vina for  #
# more information.                                             #
#################################################################

Scoring function : vina
Rigid receptor: D:\Andy\Inflam_NP\Docking_InFlam\Protein_prepared\5LOX_6NCF_clean.pdbqt
Ligand: D:\Andy\Inflam_NP\Docking_InFlam\ligands_5LOX_6NCF\Ligand_18.pdbqt
Grid center: X 10.326 Y -22.333 Z -18.927
Grid size  : X 30 Y 30 Z 30
Grid space : 0.375
Exhaustiveness: 32
CPU: 0
Verbosity: 1

Computing Vina grid ... done.
Performing docking (random seed: 2061498375) ... 
0%   10   20   30   40   50   60   70   80   90   100%
|----|----|----|----|----|----|----|----|----|----|
***************************************************

mode |   affinity | dist from best mode
     | (kcal/mol) | rmsd l.b.| rmsd u.b.
-----+------------+----------+----------
   1       -6.601          0          0
   2       -6.457      1.824      2.585
   3       -6.438      11.91      12.55
   4       -6.335      1.833       2.84
   5       -6.325      1.951      3.657
   6       -6.305      2.901       4.84
   7        -6.28      3.436       9.46
   8       -6.272      12.56      14.63
   9       -6.102      2.991       8.53
  10       -6.101      2.148      3.062
