AutoDock Vina v1.2.7
#################################################################
# If you used AutoDock Vina in your work, please cite:          #
#                                                               #
# J. Eberhardt, D. Santos-Martins, A. F. Tillack, and S. Forli  #
# AutoDock Vina 1.2.0: New Docking Methods, Expanded Force      #
# Field, and Python Bindings, J. Chem. Inf. Model. (2021)       #
# DOI 10.1021/acs.jcim.1c00203                                  #
#                                                               #
# O. Trott, A. J. Olson,                                        #
# AutoDock Vina: improving the speed and accuracy of docking    #
# with a new scoring function, efficient optimization and       #
# multithreading, J. Comp. Chem. (2010)                         #
# DOI 10.1002/jcc.21334                                         #
#                                                               #
# Please see https://github.com/ccsb-scripps/AutoDock-Vina for  #
# more information.                                             #
#################################################################

Scoring function : vina
Rigid receptor: D:\Andy\Inflam_NP\Docking_InFlam\Protein_prepared\COX2_5KIR_clean.pdbqt
Ligand: D:\Andy\Inflam_NP\Docking_InFlam\ligands_COX2_5KIR_stage_wise\stage_wise27_1353.pdbqt
Grid center: X 23.206 Y 1.318 Z 34.259
Grid size  : X 40 Y 40 Z 40
Grid space : 0.375
Exhaustiveness: 32
CPU: 0
Verbosity: 1

WARNING: Search space volume is greater than 27000 Angstrom^3 (See FAQ)
Computing Vina grid ... done.
Performing docking (random seed: -1156038009) ... 
0%   10   20   30   40   50   60   70   80   90   100%
|----|----|----|----|----|----|----|----|----|----|
***************************************************

mode |   affinity | dist from best mode
     | (kcal/mol) | rmsd l.b.| rmsd u.b.
-----+------------+----------+----------
   1       -6.838          0          0
   2       -6.672      28.94      31.62
   3       -6.531      28.48      31.18
   4       -6.523      2.679       4.08
   5       -6.501      2.062      2.802
   6       -6.365       29.6      32.72
   7       -6.365      3.584      5.143
   8       -6.344      3.006        5.8
   9       -6.319      2.963      4.301
  10       -6.189      2.921      4.369
